  Determining projects to restore...
  All projects are up-to-date for restore.
  SocialSentry.Watchdog -> E:\Cursor Play ground\Social-Sentry-PC-\Social Sentry\bin\Debug\net8.0-windows\SocialSentry.Watchdog.dll
E:\Cursor Play ground\Social-Sentry-PC-\Social Sentry\ViewModels\RawDataViewModel.cs(33,41): error CS0246: The type or namespace name 'ActivityEvent' could not be found (are you missing a using directive or an assembly reference?) [E:\Cursor Play ground\Social-Sentry-PC-\Social Sentry\Social Sentry_5rrr5cn4_wpftmp.csproj]

Build FAILED.

E:\Cursor Play ground\Social-Sentry-PC-\Social Sentry\ViewModels\RawDataViewModel.cs(33,41): error CS0246: The type or namespace name 'ActivityEvent' could not be found (are you missing a using directive or an assembly reference?) [E:\Cursor Play ground\Social-Sentry-PC-\Social Sentry\Social Sentry_5rrr5cn4_wpftmp.csproj]
    0 Warning(s)
    1 Error(s)

Time Elapsed 00:00:01.60
