  Determining projects to restore...
  All projects are up-to-date for restore.
  SocialSentry.Watchdog -> E:\Cursor Play ground\Social-Sentry-PC-\Social Sentry\bin\Debug\net8.0-windows\SocialSentry.Watchdog.dll
E:\Cursor Play ground\Social-Sentry-PC-\Social Sentry\Data\DatabaseService.cs(216,32): warning CS8603: Possible null reference return. [E:\Cursor Play ground\Social-Sentry-PC-\Social Sentry\Social Sentry_0mb5a4ze_wpftmp.csproj]
E:\Cursor Play ground\Social-Sentry-PC-\Social Sentry\Converters\ProgressToGeometryConverter.cs(75,20): warning CS8603: Possible null reference return. [E:\Cursor Play ground\Social-Sentry-PC-\Social Sentry\Social Sentry_0mb5a4ze_wpftmp.csproj]
E:\Cursor Play ground\Social-Sentry-PC-\Social Sentry\Models\Message.cs(15,23): warning CS8618: Non-nullable property 'Content' must contain a non-null value when exiting constructor. Consider adding the 'required' modifier or declaring the property as nullable. [E:\Cursor Play ground\Social-Sentry-PC-\Social Sentry\Social Sentry_0mb5a4ze_wpftmp.csproj]
E:\Cursor Play ground\Social-Sentry-PC-\Social Sentry\Models\Message.cs(18,23): warning CS8618: Non-nullable property 'UserId' must contain a non-null value when exiting constructor. Consider adding the 'required' modifier or declaring the property as nullable. [E:\Cursor Play ground\Social-Sentry-PC-\Social Sentry\Social Sentry_0mb5a4ze_wpftmp.csproj]
E:\Cursor Play ground\Social-Sentry-PC-\Social Sentry\Models\Message.cs(21,23): warning CS8618: Non-nullable property 'Username' must contain a non-null value when exiting constructor. Consider adding the 'required' modifier or declaring the property as nullable. [E:\Cursor Play ground\Social-Sentry-PC-\Social Sentry\Social Sentry_0mb5a4ze_wpftmp.csproj]
E:\Cursor Play ground\Social-Sentry-PC-\Social Sentry\Models\Message.cs(24,23): warning CS8618: Non-nullable property 'AvatarUrl' must contain a non-null value when exiting constructor. Consider adding the 'required' modifier or declaring the property as nullable. [E:\Cursor Play ground\Social-Sentry-PC-\Social Sentry\Social Sentry_0mb5a4ze_wpftmp.csproj]
E:\Cursor Play ground\Social-Sentry-PC-\Social Sentry\Models\Message.cs(27,23): warning CS8618: Non-nullable property 'Rank' must contain a non-null value when exiting constructor. Consider adding the 'required' modifier or declaring the property as nullable. [E:\Cursor Play ground\Social-Sentry-PC-\Social Sentry\Social Sentry_0mb5a4ze_wpftmp.csproj]
E:\Cursor Play ground\Social-Sentry-PC-\Social Sentry\Models\Message.cs(30,23): warning CS8618: Non-nullable property 'Role' must contain a non-null value when exiting constructor. Consider adding the 'required' modifier or declaring the property as nullable. [E:\Cursor Play ground\Social-Sentry-PC-\Social Sentry\Social Sentry_0mb5a4ze_wpftmp.csproj]
E:\Cursor Play ground\Social-Sentry-PC-\Social Sentry\Models\Message.cs(33,23): warning CS8618: Non-nullable property 'StrikeTime' must contain a non-null value when exiting constructor. Consider adding the 'required' modifier or declaring the property as nullable. [E:\Cursor Play ground\Social-Sentry-PC-\Social Sentry\Social Sentry_0mb5a4ze_wpftmp.csproj]
E:\Cursor Play ground\Social-Sentry-PC-\Social Sentry\ViewModels\CommunityViewModel.cs(79,16): warning CS8618: Non-nullable field '_newMessageContent' must contain a non-null value when exiting constructor. Consider adding the 'required' modifier or declaring the field as nullable. [E:\Cursor Play ground\Social-Sentry-PC-\Social Sentry\Social Sentry_0mb5a4ze_wpftmp.csproj]
E:\Cursor Play ground\Social-Sentry-PC-\Social Sentry\ViewModels\RankingViewModel.cs(124,16): warning CS8618: Non-nullable field '_rankingService' must contain a non-null value when exiting constructor. Consider adding the 'required' modifier or declaring the field as nullable. [E:\Cursor Play ground\Social-Sentry-PC-\Social Sentry\Social Sentry_0mb5a4ze_wpftmp.csproj]
E:\Cursor Play ground\Social-Sentry-PC-\Social Sentry\ViewModels\RankingViewModel.cs(124,16): warning CS8618: Non-nullable field '_timer' must contain a non-null value when exiting constructor. Consider adding the 'required' modifier or declaring the field as nullable. [E:\Cursor Play ground\Social-Sentry-PC-\Social Sentry\Social Sentry_0mb5a4ze_wpftmp.csproj]
E:\Cursor Play ground\Social-Sentry-PC-\Social Sentry\ViewModels\DesktopWidgetViewModel.cs(50,16): warning CS8618: Non-nullable field '_chartPoints' must contain a non-null value when exiting constructor. Consider adding the 'required' modifier or declaring the field as nullable. [E:\Cursor Play ground\Social-Sentry-PC-\Social Sentry\Social Sentry_0mb5a4ze_wpftmp.csproj]
E:\Cursor Play ground\Social-Sentry-PC-\Social Sentry\Services\ClassificationService.cs(13,16): warning CS8618: Non-nullable field '_rules' must contain a non-null value when exiting constructor. Consider adding the 'required' modifier or declaring the field as nullable. [E:\Cursor Play ground\Social-Sentry-PC-\Social Sentry\Social Sentry_0mb5a4ze_wpftmp.csproj]
E:\Cursor Play ground\Social-Sentry-PC-\Social Sentry\Services\EncryptionService.cs(14,16): warning CS8618: Non-nullable field '_aesKey' must contain a non-null value when exiting constructor. Consider adding the 'required' modifier or declaring the field as nullable. [E:\Cursor Play ground\Social-Sentry-PC-\Social Sentry\Social Sentry_0mb5a4ze_wpftmp.csproj]
E:\Cursor Play ground\Social-Sentry-PC-\Social Sentry\ViewModels\DashboardViewModel.cs(83,16): warning CS8618: Non-nullable field '_chartGeometry' must contain a non-null value when exiting constructor. Consider adding the 'required' modifier or declaring the field as nullable. [E:\Cursor Play ground\Social-Sentry-PC-\Social Sentry\Social Sentry_0mb5a4ze_wpftmp.csproj]
E:\Cursor Play ground\Social-Sentry-PC-\Social Sentry\ViewModels\CommunityViewModel.cs(161,36): warning CS8600: Converting null literal or possible null value to non-nullable type. [E:\Cursor Play ground\Social-Sentry-PC-\Social Sentry\Social Sentry_0mb5a4ze_wpftmp.csproj]
E:\Cursor Play ground\Social-Sentry-PC-\Social Sentry\ViewModels\CommunityViewModel.cs(166,36): warning CS8600: Converting null literal or possible null value to non-nullable type. [E:\Cursor Play ground\Social-Sentry-PC-\Social Sentry\Social Sentry_0mb5a4ze_wpftmp.csproj]
E:\Cursor Play ground\Social-Sentry-PC-\Social Sentry\ViewModels\CommunityViewModel.cs(168,36): warning CS8600: Converting null literal or possible null value to non-nullable type. [E:\Cursor Play ground\Social-Sentry-PC-\Social Sentry\Social Sentry_0mb5a4ze_wpftmp.csproj]
E:\Cursor Play ground\Social-Sentry-PC-\Social Sentry\ViewModels\CommunityViewModel.cs(171,37): warning CS8600: Converting null literal or possible null value to non-nullable type. [E:\Cursor Play ground\Social-Sentry-PC-\Social Sentry\Social Sentry_0mb5a4ze_wpftmp.csproj]
E:\Cursor Play ground\Social-Sentry-PC-\Social Sentry\ViewModels\CommunityViewModel.cs(184,33): warning CS8601: Possible null reference assignment. [E:\Cursor Play ground\Social-Sentry-PC-\Social Sentry\Social Sentry_0mb5a4ze_wpftmp.csproj]
E:\Cursor Play ground\Social-Sentry-PC-\Social Sentry\Services\UsageTrackerService.cs(456,22): error CS0117: 'ChartDataPoint' does not contain a definition for 'Label' [E:\Cursor Play ground\Social-Sentry-PC-\Social Sentry\Social Sentry_0mb5a4ze_wpftmp.csproj]
E:\Cursor Play ground\Social-Sentry-PC-\Social Sentry\Services\UsageTrackerService.cs(458,22): error CS0117: 'ChartDataPoint' does not contain a definition for 'Timestamp' [E:\Cursor Play ground\Social-Sentry-PC-\Social Sentry\Social Sentry_0mb5a4ze_wpftmp.csproj]
E:\Cursor Play ground\Social-Sentry-PC-\Social Sentry\Services\LocalApiServer.cs(20,16): warning CS8618: Non-nullable field '_serverTask' must contain a non-null value when exiting constructor. Consider adding the 'required' modifier or declaring the field as nullable. [E:\Cursor Play ground\Social-Sentry-PC-\Social Sentry\Social Sentry_0mb5a4ze_wpftmp.csproj]
E:\Cursor Play ground\Social-Sentry-PC-\Social Sentry\Services\LocalApiServer.cs(20,16): warning CS8618: Non-nullable event 'OnActivityReceived' must contain a non-null value when exiting constructor. Consider adding the 'required' modifier or declaring the event as nullable. [E:\Cursor Play ground\Social-Sentry-PC-\Social Sentry\Social Sentry_0mb5a4ze_wpftmp.csproj]
E:\Cursor Play ground\Social-Sentry-PC-\Social Sentry\Services\SupabaseService.cs(20,17): warning CS8618: Non-nullable property 'Client' must contain a non-null value when exiting constructor. Consider adding the 'required' modifier or declaring the property as nullable. [E:\Cursor Play ground\Social-Sentry-PC-\Social Sentry\Social Sentry_0mb5a4ze_wpftmp.csproj]
E:\Cursor Play ground\Social-Sentry-PC-\Social Sentry\Services\SupabaseService.cs(20,17): warning CS8618: Non-nullable field '_url' must contain a non-null value when exiting constructor. Consider adding the 'required' modifier or declaring the field as nullable. [E:\Cursor Play ground\Social-Sentry-PC-\Social Sentry\Social Sentry_0mb5a4ze_wpftmp.csproj]
E:\Cursor Play ground\Social-Sentry-PC-\Social Sentry\Services\SupabaseService.cs(20,17): warning CS8618: Non-nullable field '_key' must contain a non-null value when exiting constructor. Consider adding the 'required' modifier or declaring the field as nullable. [E:\Cursor Play ground\Social-Sentry-PC-\Social Sentry\Social Sentry_0mb5a4ze_wpftmp.csproj]
E:\Cursor Play ground\Social-Sentry-PC-\Social Sentry\Data\DatabaseService.cs(645,41): warning CS8600: Converting null literal or possible null value to non-nullable type. [E:\Cursor Play ground\Social-Sentry-PC-\Social Sentry\Social Sentry_0mb5a4ze_wpftmp.csproj]
E:\Cursor Play ground\Social-Sentry-PC-\Social Sentry\Services\SupabaseService.cs(10,40): warning CS8618: Non-nullable field '_instance' must contain a non-null value when exiting constructor. Consider adding the 'required' modifier or declaring the field as nullable. [E:\Cursor Play ground\Social-Sentry-PC-\Social Sentry\Social Sentry_0mb5a4ze_wpftmp.csproj]

Build FAILED.

E:\Cursor Play ground\Social-Sentry-PC-\Social Sentry\Data\DatabaseService.cs(216,32): warning CS8603: Possible null reference return. [E:\Cursor Play ground\Social-Sentry-PC-\Social Sentry\Social Sentry_0mb5a4ze_wpftmp.csproj]
E:\Cursor Play ground\Social-Sentry-PC-\Social Sentry\Converters\ProgressToGeometryConverter.cs(75,20): warning CS8603: Possible null reference return. [E:\Cursor Play ground\Social-Sentry-PC-\Social Sentry\Social Sentry_0mb5a4ze_wpftmp.csproj]
E:\Cursor Play ground\Social-Sentry-PC-\Social Sentry\Models\Message.cs(15,23): warning CS8618: Non-nullable property 'Content' must contain a non-null value when exiting constructor. Consider adding the 'required' modifier or declaring the property as nullable. [E:\Cursor Play ground\Social-Sentry-PC-\Social Sentry\Social Sentry_0mb5a4ze_wpftmp.csproj]
E:\Cursor Play ground\Social-Sentry-PC-\Social Sentry\Models\Message.cs(18,23): warning CS8618: Non-nullable property 'UserId' must contain a non-null value when exiting constructor. Consider adding the 'required' modifier or declaring the property as nullable. [E:\Cursor Play ground\Social-Sentry-PC-\Social Sentry\Social Sentry_0mb5a4ze_wpftmp.csproj]
E:\Cursor Play ground\Social-Sentry-PC-\Social Sentry\Models\Message.cs(21,23): warning CS8618: Non-nullable property 'Username' must contain a non-null value when exiting constructor. Consider adding the 'required' modifier or declaring the property as nullable. [E:\Cursor Play ground\Social-Sentry-PC-\Social Sentry\Social Sentry_0mb5a4ze_wpftmp.csproj]
E:\Cursor Play ground\Social-Sentry-PC-\Social Sentry\Models\Message.cs(24,23): warning CS8618: Non-nullable property 'AvatarUrl' must contain a non-null value when exiting constructor. Consider adding the 'required' modifier or declaring the property as nullable. [E:\Cursor Play ground\Social-Sentry-PC-\Social Sentry\Social Sentry_0mb5a4ze_wpftmp.csproj]
E:\Cursor Play ground\Social-Sentry-PC-\Social Sentry\Models\Message.cs(27,23): warning CS8618: Non-nullable property 'Rank' must contain a non-null value when exiting constructor. Consider adding the 'required' modifier or declaring the property as nullable. [E:\Cursor Play ground\Social-Sentry-PC-\Social Sentry\Social Sentry_0mb5a4ze_wpftmp.csproj]
E:\Cursor Play ground\Social-Sentry-PC-\Social Sentry\Models\Message.cs(30,23): warning CS8618: Non-nullable property 'Role' must contain a non-null value when exiting constructor. Consider adding the 'required' modifier or declaring the property as nullable. [E:\Cursor Play ground\Social-Sentry-PC-\Social Sentry\Social Sentry_0mb5a4ze_wpftmp.csproj]
E:\Cursor Play ground\Social-Sentry-PC-\Social Sentry\Models\Message.cs(33,23): warning CS8618: Non-nullable property 'StrikeTime' must contain a non-null value when exiting constructor. Consider adding the 'required' modifier or declaring the property as nullable. [E:\Cursor Play ground\Social-Sentry-PC-\Social Sentry\Social Sentry_0mb5a4ze_wpftmp.csproj]
E:\Cursor Play ground\Social-Sentry-PC-\Social Sentry\ViewModels\CommunityViewModel.cs(79,16): warning CS8618: Non-nullable field '_newMessageContent' must contain a non-null value when exiting constructor. Consider adding the 'required' modifier or declaring the field as nullable. [E:\Cursor Play ground\Social-Sentry-PC-\Social Sentry\Social Sentry_0mb5a4ze_wpftmp.csproj]
E:\Cursor Play ground\Social-Sentry-PC-\Social Sentry\ViewModels\RankingViewModel.cs(124,16): warning CS8618: Non-nullable field '_rankingService' must contain a non-null value when exiting constructor. Consider adding the 'required' modifier or declaring the field as nullable. [E:\Cursor Play ground\Social-Sentry-PC-\Social Sentry\Social Sentry_0mb5a4ze_wpftmp.csproj]
E:\Cursor Play ground\Social-Sentry-PC-\Social Sentry\ViewModels\RankingViewModel.cs(124,16): warning CS8618: Non-nullable field '_timer' must contain a non-null value when exiting constructor. Consider adding the 'required' modifier or declaring the field as nullable. [E:\Cursor Play ground\Social-Sentry-PC-\Social Sentry\Social Sentry_0mb5a4ze_wpftmp.csproj]
E:\Cursor Play ground\Social-Sentry-PC-\Social Sentry\ViewModels\DesktopWidgetViewModel.cs(50,16): warning CS8618: Non-nullable field '_chartPoints' must contain a non-null value when exiting constructor. Consider adding the 'required' modifier or declaring the field as nullable. [E:\Cursor Play ground\Social-Sentry-PC-\Social Sentry\Social Sentry_0mb5a4ze_wpftmp.csproj]
E:\Cursor Play ground\Social-Sentry-PC-\Social Sentry\Services\ClassificationService.cs(13,16): warning CS8618: Non-nullable field '_rules' must contain a non-null value when exiting constructor. Consider adding the 'required' modifier or declaring the field as nullable. [E:\Cursor Play ground\Social-Sentry-PC-\Social Sentry\Social Sentry_0mb5a4ze_wpftmp.csproj]
E:\Cursor Play ground\Social-Sentry-PC-\Social Sentry\Services\EncryptionService.cs(14,16): warning CS8618: Non-nullable field '_aesKey' must contain a non-null value when exiting constructor. Consider adding the 'required' modifier or declaring the field as nullable. [E:\Cursor Play ground\Social-Sentry-PC-\Social Sentry\Social Sentry_0mb5a4ze_wpftmp.csproj]
E:\Cursor Play ground\Social-Sentry-PC-\Social Sentry\ViewModels\DashboardViewModel.cs(83,16): warning CS8618: Non-nullable field '_chartGeometry' must contain a non-null value when exiting constructor. Consider adding the 'required' modifier or declaring the field as nullable. [E:\Cursor Play ground\Social-Sentry-PC-\Social Sentry\Social Sentry_0mb5a4ze_wpftmp.csproj]
E:\Cursor Play ground\Social-Sentry-PC-\Social Sentry\ViewModels\CommunityViewModel.cs(161,36): warning CS8600: Converting null literal or possible null value to non-nullable type. [E:\Cursor Play ground\Social-Sentry-PC-\Social Sentry\Social Sentry_0mb5a4ze_wpftmp.csproj]
E:\Cursor Play ground\Social-Sentry-PC-\Social Sentry\ViewModels\CommunityViewModel.cs(166,36): warning CS8600: Converting null literal or possible null value to non-nullable type. [E:\Cursor Play ground\Social-Sentry-PC-\Social Sentry\Social Sentry_0mb5a4ze_wpftmp.csproj]
E:\Cursor Play ground\Social-Sentry-PC-\Social Sentry\ViewModels\CommunityViewModel.cs(168,36): warning CS8600: Converting null literal or possible null value to non-nullable type. [E:\Cursor Play ground\Social-Sentry-PC-\Social Sentry\Social Sentry_0mb5a4ze_wpftmp.csproj]
E:\Cursor Play ground\Social-Sentry-PC-\Social Sentry\ViewModels\CommunityViewModel.cs(171,37): warning CS8600: Converting null literal or possible null value to non-nullable type. [E:\Cursor Play ground\Social-Sentry-PC-\Social Sentry\Social Sentry_0mb5a4ze_wpftmp.csproj]
E:\Cursor Play ground\Social-Sentry-PC-\Social Sentry\ViewModels\CommunityViewModel.cs(184,33): warning CS8601: Possible null reference assignment. [E:\Cursor Play ground\Social-Sentry-PC-\Social Sentry\Social Sentry_0mb5a4ze_wpftmp.csproj]
E:\Cursor Play ground\Social-Sentry-PC-\Social Sentry\Services\LocalApiServer.cs(20,16): warning CS8618: Non-nullable field '_serverTask' must contain a non-null value when exiting constructor. Consider adding the 'required' modifier or declaring the field as nullable. [E:\Cursor Play ground\Social-Sentry-PC-\Social Sentry\Social Sentry_0mb5a4ze_wpftmp.csproj]
E:\Cursor Play ground\Social-Sentry-PC-\Social Sentry\Services\LocalApiServer.cs(20,16): warning CS8618: Non-nullable event 'OnActivityReceived' must contain a non-null value when exiting constructor. Consider adding the 'required' modifier or declaring the event as nullable. [E:\Cursor Play ground\Social-Sentry-PC-\Social Sentry\Social Sentry_0mb5a4ze_wpftmp.csproj]
E:\Cursor Play ground\Social-Sentry-PC-\Social Sentry\Services\SupabaseService.cs(20,17): warning CS8618: Non-nullable property 'Client' must contain a non-null value when exiting constructor. Consider adding the 'required' modifier or declaring the property as nullable. [E:\Cursor Play ground\Social-Sentry-PC-\Social Sentry\Social Sentry_0mb5a4ze_wpftmp.csproj]
E:\Cursor Play ground\Social-Sentry-PC-\Social Sentry\Services\SupabaseService.cs(20,17): warning CS8618: Non-nullable field '_url' must contain a non-null value when exiting constructor. Consider adding the 'required' modifier or declaring the field as nullable. [E:\Cursor Play ground\Social-Sentry-PC-\Social Sentry\Social Sentry_0mb5a4ze_wpftmp.csproj]
E:\Cursor Play ground\Social-Sentry-PC-\Social Sentry\Services\SupabaseService.cs(20,17): warning CS8618: Non-nullable field '_key' must contain a non-null value when exiting constructor. Consider adding the 'required' modifier or declaring the field as nullable. [E:\Cursor Play ground\Social-Sentry-PC-\Social Sentry\Social Sentry_0mb5a4ze_wpftmp.csproj]
E:\Cursor Play ground\Social-Sentry-PC-\Social Sentry\Data\DatabaseService.cs(645,41): warning CS8600: Converting null literal or possible null value to non-nullable type. [E:\Cursor Play ground\Social-Sentry-PC-\Social Sentry\Social Sentry_0mb5a4ze_wpftmp.csproj]
E:\Cursor Play ground\Social-Sentry-PC-\Social Sentry\Services\SupabaseService.cs(10,40): warning CS8618: Non-nullable field '_instance' must contain a non-null value when exiting constructor. Consider adding the 'required' modifier or declaring the field as nullable. [E:\Cursor Play ground\Social-Sentry-PC-\Social Sentry\Social Sentry_0mb5a4ze_wpftmp.csproj]
E:\Cursor Play ground\Social-Sentry-PC-\Social Sentry\Services\UsageTrackerService.cs(456,22): error CS0117: 'ChartDataPoint' does not contain a definition for 'Label' [E:\Cursor Play ground\Social-Sentry-PC-\Social Sentry\Social Sentry_0mb5a4ze_wpftmp.csproj]
E:\Cursor Play ground\Social-Sentry-PC-\Social Sentry\Services\UsageTrackerService.cs(458,22): error CS0117: 'ChartDataPoint' does not contain a definition for 'Timestamp' [E:\Cursor Play ground\Social-Sentry-PC-\Social Sentry\Social Sentry_0mb5a4ze_wpftmp.csproj]
    28 Warning(s)
    2 Error(s)

Time Elapsed 00:00:01.87
